  File "<pyshell#40>", line 1, in <module>
    mydice1
NameError: name 'mydice1' is not defined
>>> list1
[1, 2, 3, 4, 5, 6]
>>> del list1[3]
>>> list1
[1, 2, 3, 5, 6]
>>> list1.remove(6)
>>> list1
[1, 2, 3, 5]
>>> print u'\u97e9\u56fd', u'\u97e9\u56fd', u'\u97e9\u56fd', u'\u97e9\u56fd'
韩国 韩国 韩国 韩国
>>> u'\u97e9\u56fd'
u'\u97e9\u56fd'
>>> print u'\u97e9\u56fd'
韩国
>>> print u'\u97e9\u5
